// Jest Snapshot v1, https://goo.gl/fbAQLP

exports[`matches the snapshot 1`] = `
"<div className=\\"group\\" data-test=\\"component-FormInput\\">
  <input className=\\"formInput\\" onChange={[undefined]} />
</div>"
`;
